{
    "exclude": {
        "files": null,
        "lines": null
    },
    "generated_at": "2026-06-08T01:32:23Z",
    "plugins_used": [
        {
            "name": "AWSKeyDetector"
        },
        {
            "name": "ArtifactoryDetector"
        },
        {
            "name": "AzureStorageKeyDetector"
        },
        {
            "base64_limit": 4.5,
            "name": "Base64HighEntropyString"
        },
        {
            "name": "BasicAuthDetector"
        },
        {
            "name": "BoxDetector"
        },
        {
            "name": "CloudantDetector"
        },
        {
            "ghe_instance": "github.ibm.com",
            "name": "GheDetector"
        },
        {
            "name": "GitHubTokenDetector"
        },
        {
            "hex_limit": 3,
            "name": "HexHighEntropyString"
        },
        {
            "name": "IbmCloudIamDetector"
        },
        {
            "name": "IbmCosHmacDetector"
        },
        {
            "name": "JwtTokenDetector"
        },
        {
            "keyword_exclude": null,
            "name": "KeywordDetector"
        },
        {
            "name": "MailchimpDetector"
        },
        {
            "name": "NpmDetector"
        },
        {
            "name": "PrivateKeyDetector"
        },
        {
            "name": "SlackDetector"
        },
        {
            "name": "SoftlayerDetector"
        },
        {
            "name": "SquareOAuthDetector"
        },
        {
            "name": "StripeDetector"
        },
        {
            "name": "TwilioKeyDetector"
        }
    ],
    "results": {
        "examples/dpop/app.js": [
            {
                "hashed_secret": "c43ff6ac08a4f0779152535a573748a900ae6361",
                "is_verified": false,
                "line_number": 15,
                "type": "Secret Keyword",
                "verified_result": null,
                "is_secret": false
            }
        ],
        "examples/dpop/key.pem": [
            {
                "hashed_secret": "be4fc4886bd949b369d5e092eb87494f12e57e5b",
                "is_verified": false,
                "line_number": 1,
                "type": "Private Key",
                "verified_result": null,
                "is_secret": false
            }
        ],
        "fr/sdk/adaptive-proxy/README.md": [
            {
                "hashed_secret": "faa20e4c5d91de332c1c82847efbcaebd5ea0252",
                "is_verified": false,
                "line_number": 114,
                "type": "Secret Keyword",
                "verified_result": null,
                "is_secret": false
            },
            {
                "hashed_secret": "e6e40afdb90937e9e98ae0fddb5700c983ae9765",
                "is_verified": false,
                "line_number": 366,
                "type": "Base64 High Entropy String",
                "verified_result": null,
                "is_secret": false
            },
            {
                "hashed_secret": "1e5c2f367f02e47a8c160cda1cd9d91decbac441",
                "is_verified": false,
                "line_number": 369,
                "type": "Secret Keyword",
                "verified_result": null,
                "is_secret": false
            },
            {
                "hashed_secret": "13c2ee4712976660eca30342203377a393d0dfe8",
                "is_verified": false,
                "line_number": 1087,
                "type": "Base64 High Entropy String",
                "verified_result": null,
                "is_secret": false
            },
            {
                "hashed_secret": "e51bae37c4a821fdacc39feedcc53cd0c26fbe14",
                "is_verified": false,
                "line_number": 1088,
                "type": "Base64 High Entropy String",
                "verified_result": null,
                "is_secret": false
            },
            {
                "hashed_secret": "63da27e8aa773d3b555362167a21425bb63b71a4",
                "is_verified": false,
                "line_number": 1193,
                "type": "Secret Keyword",
                "verified_result": null,
                "is_secret": false
            }
        ],
        "sdk/privacy/docs/privacy.js.html": [
            {
                "hashed_secret": "8a77b0b5ff30185e96671c5f8dfe4fd9f17110df",
                "is_verified": false,
                "line_number": 149,
                "type": "Secret Keyword",
                "verified_result": null,
                "is_secret": false
            }
        ],
        "sdk/privacy/examples/README.md": [
            {
                "hashed_secret": "c2543fff3bfa6f144c2f06a7de6cd10c0b650cae",
                "is_verified": false,
                "line_number": 25,
                "type": "Secret Keyword",
                "verified_result": null,
                "is_secret": false
            }
        ]
    },
    "version": "0.13.1+ibm.64.dss",
    "word_list": {
        "file": null,
        "hash": null
    }
}